// Jest Snapshot v1, https://goo.gl/fbAQLP

exports[`App renders App unchanged 1`] = `
<div>
  <ul>
    <li>
      <a
        href="/login"
      >
        Login
      </a>
    </li>
    <li>
      <a
        href="/signup"
      >
        Sign Up
      </a>
    </li>
    <li>
      <a
        href="/home"
      >
        Home
      </a>
    </li>
    <li>
      <a
        href="/dashboard"
      >
        Dashboard
      </a>
    </li>
  </ul>
</div>
`;
